a:4:{s:5:"query";s:232:"CREATE DATABASE IF NOT EXISTS cbt_triggers;
USE cbt_triggers;
DROP TABLE IF EXISTS employees_check;
CREATE TABLE IF NOT EXISTS employees_check (FirstName varchar(30) CHECK (FirstName REGEXP '^T' AND FirstName REGEXP 'r$') ENFORCED);";s:5:"lexer";O:26:"PhpMyAdmin\SqlParser\Lexer":8:{s:3:"str";s:232:"CREATE DATABASE IF NOT EXISTS cbt_triggers;
USE cbt_triggers;
DROP TABLE IF EXISTS employees_check;
CREATE TABLE IF NOT EXISTS employees_check (FirstName varchar(30) CHECK (FirstName REGEXP '^T' AND FirstName REGEXP 'r$') ENFORCED);";s:3:"len";i:232;s:4:"last";i:232;s:4:"list";O:31:"PhpMyAdmin\SqlParser\TokensList":3:{s:6:"tokens";a:61:{i:0;O:26:"PhpMyAdmin\SqlParser\Token":6:{s:5:"token";s:6:"CREATE";s:5:"value";s:6:"CREATE";s:7:"keyword";s:6:"CREATE";s:4:"type";i:1;s:5:"flags";i:3;s:8:"position";i:0;}i:1;O:26:"PhpMyAdmin\SqlParser\Token":6:{s:5:"token";s:1:" ";s:5:"value";s:1:" ";s:7:"keyword";N;s:4:"type";i:3;s:5:"flags";i:0;s:8:"position";i:6;}i:2;O:26:"PhpMyAdmin\SqlParser\Token":6:{s:5:"token";s:8:"DATABASE";s:5:"value";s:8:"DATABASE";s:7:"keyword";s:8:"DATABASE";s:4:"type";i:1;s:5:"flags";i:35;s:8:"position";i:7;}i:3;O:26:"PhpMyAdmin\SqlParser\Token":6:{s:5:"token";s:1:" ";s:5:"value";s:1:" ";s:7:"keyword";N;s:4:"type";i:3;s:5:"flags";i:0;s:8:"position";i:15;}i:4;O:26:"PhpMyAdmin\SqlParser\Token":6:{s:5:"token";s:13:"IF NOT EXISTS";s:5:"value";s:13:"IF NOT EXISTS";s:7:"keyword";s:13:"IF NOT EXISTS";s:4:"type";i:1;s:5:"flags";i:7;s:8:"position";i:16;}i:5;O:26:"PhpMyAdmin\SqlParser\Token":6:{s:5:"token";s:1:" ";s:5:"value";s:1:" ";s:7:"keyword";N;s:4:"type";i:3;s:5:"flags";i:0;s:8:"position";i:29;}i:6;O:26:"PhpMyAdmin\SqlParser\Token":6:{s:5:"token";s:12:"cbt_triggers";s:5:"value";s:12:"cbt_triggers";s:7:"keyword";N;s:4:"type";i:0;s:5:"flags";i:0;s:8:"position";i:30;}i:7;O:26:"PhpMyAdmin\SqlParser\Token":6:{s:5:"token";s:1:";";s:5:"value";s:1:";";s:7:"keyword";N;s:4:"type";i:9;s:5:"flags";i:0;s:8:"position";i:42;}i:8;O:26:"PhpMyAdmin\SqlParser\Token":6:{s:5:"token";s:1:"
";s:5:"value";s:1:" ";s:7:"keyword";N;s:4:"type";i:3;s:5:"flags";i:0;s:8:"position";i:43;}i:9;O:26:"PhpMyAdmin\SqlParser\Token":6:{s:5:"token";s:3:"USE";s:5:"value";s:3:"USE";s:7:"keyword";s:3:"USE";s:4:"type";i:1;s:5:"flags";i:3;s:8:"position";i:44;}i:10;O:26:"PhpMyAdmin\SqlParser\Token":6:{s:5:"token";s:1:" ";s:5:"value";s:1:" ";s:7:"keyword";N;s:4:"type";i:3;s:5:"flags";i:0;s:8:"position";i:47;}i:11;O:26:"PhpMyAdmin\SqlParser\Token":6:{s:5:"token";s:12:"cbt_triggers";s:5:"value";s:12:"cbt_triggers";s:7:"keyword";N;s:4:"type";i:0;s:5:"flags";i:0;s:8:"position";i:48;}i:12;O:26:"PhpMyAdmin\SqlParser\Token":6:{s:5:"token";s:1:";";s:5:"value";s:1:";";s:7:"keyword";N;s:4:"type";i:9;s:5:"flags";i:0;s:8:"position";i:60;}i:13;O:26:"PhpMyAdmin\SqlParser\Token":6:{s:5:"token";s:1:"
";s:5:"value";s:1:" ";s:7:"keyword";N;s:4:"type";i:3;s:5:"flags";i:0;s:8:"position";i:61;}i:14;O:26:"PhpMyAdmin\SqlParser\Token":6:{s:5:"token";s:4:"DROP";s:5:"value";s:4:"DROP";s:7:"keyword";s:4:"DROP";s:4:"type";i:1;s:5:"flags";i:3;s:8:"position";i:62;}i:15;O:26:"PhpMyAdmin\SqlParser\Token":6:{s:5:"token";s:1:" ";s:5:"value";s:1:" ";s:7:"keyword";N;s:4:"type";i:3;s:5:"flags";i:0;s:8:"position";i:66;}i:16;O:26:"PhpMyAdmin\SqlParser\Token":6:{s:5:"token";s:5:"TABLE";s:5:"value";s:5:"TABLE";s:7:"keyword";s:5:"TABLE";s:4:"type";i:1;s:5:"flags";i:3;s:8:"position";i:67;}i:17;O:26:"PhpMyAdmin\SqlParser\Token":6:{s:5:"token";s:1:" ";s:5:"value";s:1:" ";s:7:"keyword";N;s:4:"type";i:3;s:5:"flags";i:0;s:8:"position";i:72;}i:18;O:26:"PhpMyAdmin\SqlParser\Token":6:{s:5:"token";s:9:"IF EXISTS";s:5:"value";s:9:"IF EXISTS";s:7:"keyword";s:9:"IF EXISTS";s:4:"type";i:1;s:5:"flags";i:7;s:8:"position";i:73;}i:19;O:26:"PhpMyAdmin\SqlParser\Token":6:{s:5:"token";s:1:" ";s:5:"value";s:1:" ";s:7:"keyword";N;s:4:"type";i:3;s:5:"flags";i:0;s:8:"position";i:82;}i:20;O:26:"PhpMyAdmin\SqlParser\Token":6:{s:5:"token";s:15:"employees_check";s:5:"value";s:15:"employees_check";s:7:"keyword";N;s:4:"type";i:0;s:5:"flags";i:0;s:8:"position";i:83;}i:21;O:26:"PhpMyAdmin\SqlParser\Token":6:{s:5:"token";s:1:";";s:5:"value";s:1:";";s:7:"keyword";N;s:4:"type";i:9;s:5:"flags";i:0;s:8:"position";i:98;}i:22;O:26:"PhpMyAdmin\SqlParser\Token":6:{s:5:"token";s:1:"
";s:5:"value";s:1:" ";s:7:"keyword";N;s:4:"type";i:3;s:5:"flags";i:0;s:8:"position";i:99;}i:23;O:26:"PhpMyAdmin\SqlParser\Token":6:{s:5:"token";s:6:"CREATE";s:5:"value";s:6:"CREATE";s:7:"keyword";s:6:"CREATE";s:4:"type";i:1;s:5:"flags";i:3;s:8:"position";i:100;}i:24;O:26:"PhpMyAdmin\SqlParser\Token":6:{s:5:"token";s:1:" ";s:5:"value";s:1:" ";s:7:"keyword";N;s:4:"type";i:3;s:5:"flags";i:0;s:8:"position";i:106;}i:25;O:26:"PhpMyAdmin\SqlParser\Token":6:{s:5:"token";s:5:"TABLE";s:5:"value";s:5:"TABLE";s:7:"keyword";s:5:"TABLE";s:4:"type";i:1;s:5:"flags";i:3;s:8:"position";i:107;}i:26;O:26:"PhpMyAdmin\SqlParser\Token":6:{s:5:"token";s:1:" ";s:5:"value";s:1:" ";s:7:"keyword";N;s:4:"type";i:3;s:5:"flags";i:0;s:8:"position";i:112;}i:27;O:26:"PhpMyAdmin\SqlParser\Token":6:{s:5:"token";s:13:"IF NOT EXISTS";s:5:"value";s:13:"IF NOT EXISTS";s:7:"keyword";s:13:"IF NOT EXISTS";s:4:"type";i:1;s:5:"flags";i:7;s:8:"position";i:113;}i:28;O:26:"PhpMyAdmin\SqlParser\Token":6:{s:5:"token";s:1:" ";s:5:"value";s:1:" ";s:7:"keyword";N;s:4:"type";i:3;s:5:"flags";i:0;s:8:"position";i:126;}i:29;O:26:"PhpMyAdmin\SqlParser\Token":6:{s:5:"token";s:15:"employees_check";s:5:"value";s:15:"employees_check";s:7:"keyword";N;s:4:"type";i:0;s:5:"flags";i:0;s:8:"position";i:127;}i:30;O:26:"PhpMyAdmin\SqlParser\Token":6:{s:5:"token";s:1:" ";s:5:"value";s:1:" ";s:7:"keyword";N;s:4:"type";i:3;s:5:"flags";i:0;s:8:"position";i:142;}i:31;O:26:"PhpMyAdmin\SqlParser\Token":6:{s:5:"token";s:1:"(";s:5:"value";s:1:"(";s:7:"keyword";N;s:4:"type";i:2;s:5:"flags";i:16;s:8:"position";i:143;}i:32;O:26:"PhpMyAdmin\SqlParser\Token":6:{s:5:"token";s:9:"FirstName";s:5:"value";s:9:"FirstName";s:7:"keyword";N;s:4:"type";i:0;s:5:"flags";i:0;s:8:"position";i:144;}i:33;O:26:"PhpMyAdmin\SqlParser\Token":6:{s:5:"token";s:1:" ";s:5:"value";s:1:" ";s:7:"keyword";N;s:4:"type";i:3;s:5:"flags";i:0;s:8:"position";i:153;}i:34;O:26:"PhpMyAdmin\SqlParser\Token":6:{s:5:"token";s:7:"varchar";s:5:"value";s:7:"VARCHAR";s:7:"keyword";s:7:"VARCHAR";s:4:"type";i:1;s:5:"flags";i:11;s:8:"position";i:154;}i:35;O:26:"PhpMyAdmin\SqlParser\Token":6:{s:5:"token";s:1:"(";s:5:"value";s:1:"(";s:7:"keyword";N;s:4:"type";i:2;s:5:"flags";i:16;s:8:"position";i:161;}i:36;O:26:"PhpMyAdmin\SqlParser\Token":6:{s:5:"token";s:2:"30";s:5:"value";i:30;s:7:"keyword";N;s:4:"type";i:6;s:5:"flags";i:0;s:8:"position";i:162;}i:37;O:26:"PhpMyAdmin\SqlParser\Token":6:{s:5:"token";s:1:")";s:5:"value";s:1:")";s:7:"keyword";N;s:4:"type";i:2;s:5:"flags";i:16;s:8:"position";i:164;}i:38;O:26:"PhpMyAdmin\SqlParser\Token":6:{s:5:"token";s:1:" ";s:5:"value";s:1:" ";s:7:"keyword";N;s:4:"type";i:3;s:5:"flags";i:0;s:8:"position";i:165;}i:39;O:26:"PhpMyAdmin\SqlParser\Token":6:{s:5:"token";s:5:"CHECK";s:5:"value";s:5:"CHECK";s:7:"keyword";s:5:"CHECK";s:4:"type";i:1;s:5:"flags";i:3;s:8:"position";i:166;}i:40;O:26:"PhpMyAdmin\SqlParser\Token":6:{s:5:"token";s:1:" ";s:5:"value";s:1:" ";s:7:"keyword";N;s:4:"type";i:3;s:5:"flags";i:0;s:8:"position";i:171;}i:41;O:26:"PhpMyAdmin\SqlParser\Token":6:{s:5:"token";s:1:"(";s:5:"value";s:1:"(";s:7:"keyword";N;s:4:"type";i:2;s:5:"flags";i:16;s:8:"position";i:172;}i:42;O:26:"PhpMyAdmin\SqlParser\Token":6:{s:5:"token";s:9:"FirstName";s:5:"value";s:9:"FirstName";s:7:"keyword";N;s:4:"type";i:0;s:5:"flags";i:0;s:8:"position";i:173;}i:43;O:26:"PhpMyAdmin\SqlParser\Token":6:{s:5:"token";s:1:" ";s:5:"value";s:1:" ";s:7:"keyword";N;s:4:"type";i:3;s:5:"flags";i:0;s:8:"position";i:182;}i:44;O:26:"PhpMyAdmin\SqlParser\Token":6:{s:5:"token";s:6:"REGEXP";s:5:"value";s:6:"REGEXP";s:7:"keyword";s:6:"REGEXP";s:4:"type";i:1;s:5:"flags";i:3;s:8:"position";i:183;}i:45;O:26:"PhpMyAdmin\SqlParser\Token":6:{s:5:"token";s:1:" ";s:5:"value";s:1:" ";s:7:"keyword";N;s:4:"type";i:3;s:5:"flags";i:0;s:8:"position";i:189;}i:46;O:26:"PhpMyAdmin\SqlParser\Token":6:{s:5:"token";s:4:"'^T'";s:5:"value";s:2:"^T";s:7:"keyword";N;s:4:"type";i:7;s:5:"flags";i:1;s:8:"position";i:190;}i:47;O:26:"PhpMyAdmin\SqlParser\Token":6:{s:5:"token";s:1:" ";s:5:"value";s:1:" ";s:7:"keyword";N;s:4:"type";i:3;s:5:"flags";i:0;s:8:"position";i:194;}i:48;O:26:"PhpMyAdmin\SqlParser\Token":6:{s:5:"token";s:3:"AND";s:5:"value";s:3:"AND";s:7:"keyword";s:3:"AND";s:4:"type";i:1;s:5:"flags";i:3;s:8:"position";i:195;}i:49;O:26:"PhpMyAdmin\SqlParser\Token":6:{s:5:"token";s:1:" ";s:5:"value";s:1:" ";s:7:"keyword";N;s:4:"type";i:3;s:5:"flags";i:0;s:8:"position";i:198;}i:50;O:26:"PhpMyAdmin\SqlParser\Token":6:{s:5:"token";s:9:"FirstName";s:5:"value";s:9:"FirstName";s:7:"keyword";N;s:4:"type";i:0;s:5:"flags";i:0;s:8:"position";i:199;}i:51;O:26:"PhpMyAdmin\SqlParser\Token":6:{s:5:"token";s:1:" ";s:5:"value";s:1:" ";s:7:"keyword";N;s:4:"type";i:3;s:5:"flags";i:0;s:8:"position";i:208;}i:52;O:26:"PhpMyAdmin\SqlParser\Token":6:{s:5:"token";s:6:"REGEXP";s:5:"value";s:6:"REGEXP";s:7:"keyword";s:6:"REGEXP";s:4:"type";i:1;s:5:"flags";i:3;s:8:"position";i:209;}i:53;O:26:"PhpMyAdmin\SqlParser\Token":6:{s:5:"token";s:1:" ";s:5:"value";s:1:" ";s:7:"keyword";N;s:4:"type";i:3;s:5:"flags";i:0;s:8:"position";i:215;}i:54;O:26:"PhpMyAdmin\SqlParser\Token":6:{s:5:"token";s:4:"'r$'";s:5:"value";s:2:"r$";s:7:"keyword";N;s:4:"type";i:7;s:5:"flags";i:1;s:8:"position";i:216;}i:55;O:26:"PhpMyAdmin\SqlParser\Token":6:{s:5:"token";s:1:")";s:5:"value";s:1:")";s:7:"keyword";N;s:4:"type";i:2;s:5:"flags";i:16;s:8:"position";i:220;}i:56;O:26:"PhpMyAdmin\SqlParser\Token":6:{s:5:"token";s:1:" ";s:5:"value";s:1:" ";s:7:"keyword";N;s:4:"type";i:3;s:5:"flags";i:0;s:8:"position";i:221;}i:57;O:26:"PhpMyAdmin\SqlParser\Token":6:{s:5:"token";s:8:"ENFORCED";s:5:"value";s:8:"ENFORCED";s:7:"keyword";N;s:4:"type";i:0;s:5:"flags";i:0;s:8:"position";i:222;}i:58;O:26:"PhpMyAdmin\SqlParser\Token":6:{s:5:"token";s:1:")";s:5:"value";s:1:")";s:7:"keyword";N;s:4:"type";i:2;s:5:"flags";i:16;s:8:"position";i:230;}i:59;O:26:"PhpMyAdmin\SqlParser\Token":6:{s:5:"token";s:1:";";s:5:"value";s:1:";";s:7:"keyword";N;s:4:"type";i:9;s:5:"flags";i:0;s:8:"position";i:231;}i:60;O:26:"PhpMyAdmin\SqlParser\Token":6:{s:5:"token";N;s:5:"value";N;s:7:"keyword";N;s:4:"type";i:9;s:5:"flags";i:0;s:8:"position";N;}}s:5:"count";i:61;s:3:"idx";i:61;}s:9:"delimiter";s:1:";";s:12:"delimiterLen";i:1;s:6:"strict";b:0;s:6:"errors";a:0:{}}s:6:"parser";O:27:"PhpMyAdmin\SqlParser\Parser":5:{s:4:"list";r:7;s:10:"statements";a:3:{i:0;O:47:"PhpMyAdmin\SqlParser\Statements\CreateStatement":17:{s:4:"name";O:42:"PhpMyAdmin\SqlParser\Components\Expression":7:{s:8:"database";s:12:"cbt_triggers";s:5:"table";N;s:6:"column";N;s:4:"expr";s:12:"cbt_triggers";s:5:"alias";N;s:8:"function";N;s:8:"subquery";N;}s:13:"entityOptions";O:44:"PhpMyAdmin\SqlParser\Components\OptionsArray":1:{s:7:"options";a:0:{}}s:6:"fields";N;s:6:"select";N;s:4:"like";N;s:11:"partitionBy";N;s:13:"partitionsNum";N;s:14:"subpartitionBy";N;s:16:"subpartitionsNum";N;s:10:"partitions";N;s:5:"table";N;s:6:"return";N;s:10:"parameters";N;s:4:"body";a:0:{}s:7:"options";O:44:"PhpMyAdmin\SqlParser\Components\OptionsArray":1:{s:7:"options";a:2:{i:6;s:8:"DATABASE";i:7;s:13:"IF NOT EXISTS";}}s:5:"first";i:0;s:4:"last";i:6;}i:1;O:45:"PhpMyAdmin\SqlParser\Statements\DropStatement":5:{s:6:"fields";a:1:{i:0;O:42:"PhpMyAdmin\SqlParser\Components\Expression":7:{s:8:"database";N;s:5:"table";s:15:"employees_check";s:6:"column";N;s:4:"expr";s:15:"employees_check";s:5:"alias";N;s:8:"function";N;s:8:"subquery";N;}}s:5:"table";N;s:7:"options";O:44:"PhpMyAdmin\SqlParser\Components\OptionsArray":1:{s:7:"options";a:2:{i:1;s:5:"TABLE";i:3;s:9:"IF EXISTS";}}s:5:"first";i:14;s:4:"last";i:20;}i:2;O:47:"PhpMyAdmin\SqlParser\Statements\CreateStatement":17:{s:4:"name";O:42:"PhpMyAdmin\SqlParser\Components\Expression":7:{s:8:"database";N;s:5:"table";s:15:"employees_check";s:6:"column";N;s:4:"expr";s:15:"employees_check";s:5:"alias";N;s:8:"function";N;s:8:"subquery";N;}s:13:"entityOptions";O:44:"PhpMyAdmin\SqlParser\Components\OptionsArray":1:{s:7:"options";a:0:{}}s:6:"fields";a:1:{i:0;O:48:"PhpMyAdmin\SqlParser\Components\CreateDefinition":6:{s:4:"name";s:9:"FirstName";s:12:"isConstraint";N;s:4:"type";O:40:"PhpMyAdmin\SqlParser\Components\DataType":3:{s:4:"name";s:7:"VARCHAR";s:10:"parameters";a:1:{i:0;s:2:"30";}s:7:"options";O:44:"PhpMyAdmin\SqlParser\Components\OptionsArray":1:{s:7:"options";a:0:{}}}s:3:"key";N;s:10:"references";N;s:7:"options";O:44:"PhpMyAdmin\SqlParser\Components\OptionsArray":1:{s:7:"options";a:2:{i:12;a:4:{s:4:"name";s:5:"CHECK";s:6:"equals";b:0;s:4:"expr";O:42:"PhpMyAdmin\SqlParser\Components\Expression":7:{s:8:"database";N;s:5:"table";N;s:6:"column";N;s:4:"expr";s:49:"(FirstName REGEXP '^T' AND FirstName REGEXP 'r$')";s:5:"alias";N;s:8:"function";N;s:8:"subquery";N;}s:5:"value";s:49:"(FirstName REGEXP '^T' AND FirstName REGEXP 'r$')";}i:14;s:8:"ENFORCED";}}}}s:6:"select";N;s:4:"like";N;s:11:"partitionBy";N;s:13:"partitionsNum";N;s:14:"subpartitionBy";N;s:16:"subpartitionsNum";N;s:10:"partitions";N;s:5:"table";N;s:6:"return";N;s:10:"parameters";N;s:4:"body";a:0:{}s:7:"options";O:44:"PhpMyAdmin\SqlParser\Components\OptionsArray":1:{s:7:"options";a:2:{i:6;s:5:"TABLE";i:7;s:13:"IF NOT EXISTS";}}s:5:"first";i:21;s:4:"last";i:59;}}s:8:"brackets";i:0;s:6:"strict";b:0;s:6:"errors";a:0:{}}s:6:"errors";a:2:{s:5:"lexer";a:0:{}s:6:"parser";a:0:{}}}