{
    "query": "DELIMITER $$\nCREATE PROCEDURE P_TEST(IN uid INT, IN unused VARCHAR)\nBEGIN\n    SELECT username FROM users WHERE ID = uid;\nEND",
    "lexer": {
        "@type": "PhpMyAdmin\\SqlParser\\Lexer",
        "str": "DELIMITER $$\nCREATE PROCEDURE P_TEST(IN uid INT, IN unused VARCHAR)\nBEGIN\n    SELECT username FROM users WHERE ID = uid;\nEND",
        "len": 124,
        "last": 124,
        "list": {
            "@type": "PhpMyAdmin\\SqlParser\\TokensList",
            "tokens": [
                {
                    "@type": "PhpMyAdmin\\SqlParser\\Token",
                    "token": "DELIMITER",
                    "value": "DELIMITER",
                    "keyword": null,
                    "type": 0,
                    "flags": 0,
                    "position": 0
                },
                {
                    "@type": "PhpMyAdmin\\SqlParser\\Token",
                    "token": " ",
                    "value": " ",
                    "keyword": null,
                    "type": 3,
                    "flags": 0,
                    "position": 9
                },
                {
                    "@type": "PhpMyAdmin\\SqlParser\\Token",
                    "token": "$$",
                    "value": "$$",
                    "keyword": null,
                    "type": 9,
                    "flags": 0,
                    "position": 10
                },
                {
                    "@type": "PhpMyAdmin\\SqlParser\\Token",
                    "token": "\n",
                    "value": " ",
                    "keyword": null,
                    "type": 3,
                    "flags": 0,
                    "position": 12
                },
                {
                    "@type": "PhpMyAdmin\\SqlParser\\Token",
                    "token": "CREATE",
                    "value": "CREATE",
                    "keyword": "CREATE",
                    "type": 1,
                    "flags": 3,
                    "position": 13
                },
                {
                    "@type": "PhpMyAdmin\\SqlParser\\Token",
                    "token": " ",
                    "value": " ",
                    "keyword": null,
                    "type": 3,
                    "flags": 0,
                    "position": 19
                },
                {
                    "@type": "PhpMyAdmin\\SqlParser\\Token",
                    "token": "PROCEDURE",
                    "value": "PROCEDURE",
                    "keyword": "PROCEDURE",
                    "type": 1,
                    "flags": 3,
                    "position": 20
                },
                {
                    "@type": "PhpMyAdmin\\SqlParser\\Token",
                    "token": " ",
                    "value": " ",
                    "keyword": null,
                    "type": 3,
                    "flags": 0,
                    "position": 29
                },
                {
                    "@type": "PhpMyAdmin\\SqlParser\\Token",
                    "token": "P_TEST",
                    "value": "P_TEST",
                    "keyword": null,
                    "type": 0,
                    "flags": 0,
                    "position": 30
                },
                {
                    "@type": "PhpMyAdmin\\SqlParser\\Token",
                    "token": "(",
                    "value": "(",
                    "keyword": null,
                    "type": 2,
                    "flags": 16,
                    "position": 36
                },
                {
                    "@type": "PhpMyAdmin\\SqlParser\\Token",
                    "token": "IN",
                    "value": "IN",
                    "keyword": "IN",
                    "type": 1,
                    "flags": 35,
                    "position": 37
                },
                {
                    "@type": "PhpMyAdmin\\SqlParser\\Token",
                    "token": " ",
                    "value": " ",
                    "keyword": null,
                    "type": 3,
                    "flags": 0,
                    "position": 39
                },
                {
                    "@type": "PhpMyAdmin\\SqlParser\\Token",
                    "token": "uid",
                    "value": "uid",
                    "keyword": null,
                    "type": 0,
                    "flags": 0,
                    "position": 40
                },
                {
                    "@type": "PhpMyAdmin\\SqlParser\\Token",
                    "token": " ",
                    "value": " ",
                    "keyword": null,
                    "type": 3,
                    "flags": 0,
                    "position": 43
                },
                {
                    "@type": "PhpMyAdmin\\SqlParser\\Token",
                    "token": "INT",
                    "value": "INT",
                    "keyword": "INT",
                    "type": 1,
                    "flags": 11,
                    "position": 44
                },
                {
                    "@type": "PhpMyAdmin\\SqlParser\\Token",
                    "token": ",",
                    "value": ",",
                    "keyword": null,
                    "type": 2,
                    "flags": 16,
                    "position": 47
                },
                {
                    "@type": "PhpMyAdmin\\SqlParser\\Token",
                    "token": " ",
                    "value": " ",
                    "keyword": null,
                    "type": 3,
                    "flags": 0,
                    "position": 48
                },
                {
                    "@type": "PhpMyAdmin\\SqlParser\\Token",
                    "token": "IN",
                    "value": "IN",
                    "keyword": "IN",
                    "type": 1,
                    "flags": 35,
                    "position": 49
                },
                {
                    "@type": "PhpMyAdmin\\SqlParser\\Token",
                    "token": " ",
                    "value": " ",
                    "keyword": null,
                    "type": 3,
                    "flags": 0,
                    "position": 51
                },
                {
                    "@type": "PhpMyAdmin\\SqlParser\\Token",
                    "token": "unused",
                    "value": "unused",
                    "keyword": null,
                    "type": 0,
                    "flags": 0,
                    "position": 52
                },
                {
                    "@type": "PhpMyAdmin\\SqlParser\\Token",
                    "token": " ",
                    "value": " ",
                    "keyword": null,
                    "type": 3,
                    "flags": 0,
                    "position": 58
                },
                {
                    "@type": "PhpMyAdmin\\SqlParser\\Token",
                    "token": "VARCHAR",
                    "value": "VARCHAR",
                    "keyword": "VARCHAR",
                    "type": 1,
                    "flags": 11,
                    "position": 59
                },
                {
                    "@type": "PhpMyAdmin\\SqlParser\\Token",
                    "token": ")",
                    "value": ")",
                    "keyword": null,
                    "type": 2,
                    "flags": 16,
                    "position": 66
                },
                {
                    "@type": "PhpMyAdmin\\SqlParser\\Token",
                    "token": "\n",
                    "value": " ",
                    "keyword": null,
                    "type": 3,
                    "flags": 0,
                    "position": 67
                },
                {
                    "@type": "PhpMyAdmin\\SqlParser\\Token",
                    "token": "BEGIN",
                    "value": "BEGIN",
                    "keyword": "BEGIN",
                    "type": 1,
                    "flags": 1,
                    "position": 68
                },
                {
                    "@type": "PhpMyAdmin\\SqlParser\\Token",
                    "token": "\n    ",
                    "value": " ",
                    "keyword": null,
                    "type": 3,
                    "flags": 0,
                    "position": 73
                },
                {
                    "@type": "PhpMyAdmin\\SqlParser\\Token",
                    "token": "SELECT",
                    "value": "SELECT",
                    "keyword": "SELECT",
                    "type": 1,
                    "flags": 3,
                    "position": 78
                },
                {
                    "@type": "PhpMyAdmin\\SqlParser\\Token",
                    "token": " ",
                    "value": " ",
                    "keyword": null,
                    "type": 3,
                    "flags": 0,
                    "position": 84
                },
                {
                    "@type": "PhpMyAdmin\\SqlParser\\Token",
                    "token": "username",
                    "value": "username",
                    "keyword": null,
                    "type": 0,
                    "flags": 0,
                    "position": 85
                },
                {
                    "@type": "PhpMyAdmin\\SqlParser\\Token",
                    "token": " ",
                    "value": " ",
                    "keyword": null,
                    "type": 3,
                    "flags": 0,
                    "position": 93
                },
                {
                    "@type": "PhpMyAdmin\\SqlParser\\Token",
                    "token": "FROM",
                    "value": "FROM",
                    "keyword": "FROM",
                    "type": 1,
                    "flags": 3,
                    "position": 94
                },
                {
                    "@type": "PhpMyAdmin\\SqlParser\\Token",
                    "token": " ",
                    "value": " ",
                    "keyword": null,
                    "type": 3,
                    "flags": 0,
                    "position": 98
                },
                {
                    "@type": "PhpMyAdmin\\SqlParser\\Token",
                    "token": "users",
                    "value": "users",
                    "keyword": null,
                    "type": 0,
                    "flags": 0,
                    "position": 99
                },
                {
                    "@type": "PhpMyAdmin\\SqlParser\\Token",
                    "token": " ",
                    "value": " ",
                    "keyword": null,
                    "type": 3,
                    "flags": 0,
                    "position": 104
                },
                {
                    "@type": "PhpMyAdmin\\SqlParser\\Token",
                    "token": "WHERE",
                    "value": "WHERE",
                    "keyword": "WHERE",
                    "type": 1,
                    "flags": 3,
                    "position": 105
                },
                {
                    "@type": "PhpMyAdmin\\SqlParser\\Token",
                    "token": " ",
                    "value": " ",
                    "keyword": null,
                    "type": 3,
                    "flags": 0,
                    "position": 110
                },
                {
                    "@type": "PhpMyAdmin\\SqlParser\\Token",
                    "token": "ID",
                    "value": "ID",
                    "keyword": null,
                    "type": 0,
                    "flags": 0,
                    "position": 111
                },
                {
                    "@type": "PhpMyAdmin\\SqlParser\\Token",
                    "token": " ",
                    "value": " ",
                    "keyword": null,
                    "type": 3,
                    "flags": 0,
                    "position": 113
                },
                {
                    "@type": "PhpMyAdmin\\SqlParser\\Token",
                    "token": "=",
                    "value": "=",
                    "keyword": null,
                    "type": 2,
                    "flags": 2,
                    "position": 114
                },
                {
                    "@type": "PhpMyAdmin\\SqlParser\\Token",
                    "token": " ",
                    "value": " ",
                    "keyword": null,
                    "type": 3,
                    "flags": 0,
                    "position": 115
                },
                {
                    "@type": "PhpMyAdmin\\SqlParser\\Token",
                    "token": "uid",
                    "value": "uid",
                    "keyword": null,
                    "type": 0,
                    "flags": 0,
                    "position": 116
                },
                {
                    "@type": "PhpMyAdmin\\SqlParser\\Token",
                    "token": ";",
                    "value": ";",
                    "keyword": null,
                    "type": 2,
                    "flags": 16,
                    "position": 119
                },
                {
                    "@type": "PhpMyAdmin\\SqlParser\\Token",
                    "token": "\n",
                    "value": " ",
                    "keyword": null,
                    "type": 3,
                    "flags": 0,
                    "position": 120
                },
                {
                    "@type": "PhpMyAdmin\\SqlParser\\Token",
                    "token": "END",
                    "value": "END",
                    "keyword": "END",
                    "type": 1,
                    "flags": 1,
                    "position": 121
                },
                {
                    "@type": "PhpMyAdmin\\SqlParser\\Token",
                    "token": null,
                    "value": null,
                    "keyword": null,
                    "type": 9,
                    "flags": 0,
                    "position": null
                }
            ],
            "count": 45,
            "idx": 0
        },
        "delimiter": "$$",
        "delimiterLen": 2,
        "strict": false,
        "errors": []
    },
    "parser": null,
    "errors": {
        "lexer": [],
        "parser": []
    }
}