{
    "query": "DESC REPLACE INTO test VALUES (1, 'Old', '2014-08-20 18:47:00');",
    "lexer": {
        "@type": "PhpMyAdmin\\SqlParser\\Lexer",
        "str": "DESC REPLACE INTO test VALUES (1, 'Old', '2014-08-20 18:47:00');",
        "len": 64,
        "last": 64,
        "list": {
            "@type": "PhpMyAdmin\\SqlParser\\TokensList",
            "tokens": [
                {
                    "@type": "PhpMyAdmin\\SqlParser\\Token",
                    "token": "DESC",
                    "value": "DESC",
                    "keyword": "DESC",
                    "type": 1,
                    "flags": 3,
                    "position": 0
                },
                {
                    "@type": "PhpMyAdmin\\SqlParser\\Token",
                    "token": " ",
                    "value": " ",
                    "keyword": null,
                    "type": 3,
                    "flags": 0,
                    "position": 4
                },
                {
                    "@type": "PhpMyAdmin\\SqlParser\\Token",
                    "token": "REPLACE",
                    "value": "REPLACE",
                    "keyword": "REPLACE",
                    "type": 1,
                    "flags": 35,
                    "position": 5
                },
                {
                    "@type": "PhpMyAdmin\\SqlParser\\Token",
                    "token": " ",
                    "value": " ",
                    "keyword": null,
                    "type": 3,
                    "flags": 0,
                    "position": 12
                },
                {
                    "@type": "PhpMyAdmin\\SqlParser\\Token",
                    "token": "INTO",
                    "value": "INTO",
                    "keyword": "INTO",
                    "type": 1,
                    "flags": 3,
                    "position": 13
                },
                {
                    "@type": "PhpMyAdmin\\SqlParser\\Token",
                    "token": " ",
                    "value": " ",
                    "keyword": null,
                    "type": 3,
                    "flags": 0,
                    "position": 17
                },
                {
                    "@type": "PhpMyAdmin\\SqlParser\\Token",
                    "token": "test",
                    "value": "test",
                    "keyword": null,
                    "type": 0,
                    "flags": 0,
                    "position": 18
                },
                {
                    "@type": "PhpMyAdmin\\SqlParser\\Token",
                    "token": " ",
                    "value": " ",
                    "keyword": null,
                    "type": 3,
                    "flags": 0,
                    "position": 22
                },
                {
                    "@type": "PhpMyAdmin\\SqlParser\\Token",
                    "token": "VALUES",
                    "value": "VALUES",
                    "keyword": "VALUES",
                    "type": 1,
                    "flags": 35,
                    "position": 23
                },
                {
                    "@type": "PhpMyAdmin\\SqlParser\\Token",
                    "token": " ",
                    "value": " ",
                    "keyword": null,
                    "type": 3,
                    "flags": 0,
                    "position": 29
                },
                {
                    "@type": "PhpMyAdmin\\SqlParser\\Token",
                    "token": "(",
                    "value": "(",
                    "keyword": null,
                    "type": 2,
                    "flags": 16,
                    "position": 30
                },
                {
                    "@type": "PhpMyAdmin\\SqlParser\\Token",
                    "token": "1",
                    "value": 1,
                    "keyword": null,
                    "type": 6,
                    "flags": 0,
                    "position": 31
                },
                {
                    "@type": "PhpMyAdmin\\SqlParser\\Token",
                    "token": ",",
                    "value": ",",
                    "keyword": null,
                    "type": 2,
                    "flags": 16,
                    "position": 32
                },
                {
                    "@type": "PhpMyAdmin\\SqlParser\\Token",
                    "token": " ",
                    "value": " ",
                    "keyword": null,
                    "type": 3,
                    "flags": 0,
                    "position": 33
                },
                {
                    "@type": "PhpMyAdmin\\SqlParser\\Token",
                    "token": "'Old'",
                    "value": "Old",
                    "keyword": null,
                    "type": 7,
                    "flags": 1,
                    "position": 34
                },
                {
                    "@type": "PhpMyAdmin\\SqlParser\\Token",
                    "token": ",",
                    "value": ",",
                    "keyword": null,
                    "type": 2,
                    "flags": 16,
                    "position": 39
                },
                {
                    "@type": "PhpMyAdmin\\SqlParser\\Token",
                    "token": " ",
                    "value": " ",
                    "keyword": null,
                    "type": 3,
                    "flags": 0,
                    "position": 40
                },
                {
                    "@type": "PhpMyAdmin\\SqlParser\\Token",
                    "token": "'2014-08-20 18:47:00'",
                    "value": "2014-08-20 18:47:00",
                    "keyword": null,
                    "type": 7,
                    "flags": 1,
                    "position": 41
                },
                {
                    "@type": "PhpMyAdmin\\SqlParser\\Token",
                    "token": ")",
                    "value": ")",
                    "keyword": null,
                    "type": 2,
                    "flags": 16,
                    "position": 62
                },
                {
                    "@type": "PhpMyAdmin\\SqlParser\\Token",
                    "token": ";",
                    "value": ";",
                    "keyword": null,
                    "type": 9,
                    "flags": 0,
                    "position": 63
                },
                {
                    "@type": "PhpMyAdmin\\SqlParser\\Token",
                    "token": null,
                    "value": null,
                    "keyword": null,
                    "type": 9,
                    "flags": 0,
                    "position": null
                }
            ],
            "count": 21,
            "idx": 21
        },
        "delimiter": ";",
        "delimiterLen": 1,
        "strict": false,
        "errors": []
    },
    "parser": {
        "@type": "PhpMyAdmin\\SqlParser\\Parser",
        "list": {
            "@type": "@1"
        },
        "statements": [
            {
                "@type": "PhpMyAdmin\\SqlParser\\Statements\\ExplainStatement",
                "bodyParser": null,
                "statementAlias": "DESC",
                "connectionId": null,
                "explainedTable": null,
                "options": {
                    "@type": "PhpMyAdmin\\SqlParser\\Components\\OptionsArray",
                    "options": []
                },
                "first": 0,
                "last": 2
            }
        ],
        "brackets": 0,
        "strict": false,
        "errors": []
    },
    "errors": {
        "lexer": [],
        "parser": [
            [
                "Unexpected token.",
                {
                    "@type": "@4"
                },
                0
            ],
            [
                "Unrecognized statement type.",
                {
                    "@type": "@6"
                },
                0
            ]
        ]
    }
}